./root_directories/root3/sub_4/subsub_4-1/Madrigal_4.txt|9d82ba3636171f1dc6715b509dab6e6e94203471b275e99c1753e3b02e87b020|