[<path of symbolic link> --> <path of retained file>] : [./root_directories/root2/sub_1/subsub_1-1/FairySong_2.txt --> ./root_directories/root2/FairySong_1.txt]
[<path of symbolic link> --> <path of retained file>] : [./root_directories/root2/sub_2/FairySong_3.txt --> ./root_directories/root2/FairySong_1.txt]
[<path of symbolic link> --> <path of retained file>] : [./root_directories/root2/sub_2/Madrigal_2.txt --> ./root_directories/root2/sub_1/Madrigal_1.txt]
