Node 0: 5b79738a639cbd7ee41e3fd596b80f9c83358c89b8a0072960f22710e7ce9836
    Node 1: 2ed1af258d63ed80a98b64c2b790aaff5be9f2e5f5a64330fe9ceb6dd2608f1b
        Node 3: 0b1c33684ed998eec06b66c928e20be704f4b4dae3e9dba64a9e2fb6b367418a
            Node 7: c214c8fefaebd1bcea276f5dffd5923fd2cba3d82825333c18350771fffc2a79
                Node 15: 81d514ded76813f6cf0c46c56a1db253d7dbbaf6133ff95382b113c6a33421cf
                Node 16: bcaa23e0a8591df5b30e0cb41d51397942ee97b7d265bd79d8f168a8b46dbbc4
            Node 8: d6fdf107047d9d26eedec584d6bd193e6bf6a428205c7a554a7638c5c31b9feb
                Node 17: 5d7283a2f2fdda80566253faa687c76a6253a5da40879b727a80eb436a6a72c5
                Node 18: 1d29c994b0f4f9e2ac1677a814889c7cef357fae97cbda49f36e66e08a2caa49
        Node 4: adaf0d3cdcbe564bc34c4d61c8d5dfd724de7970e78e19c3b5050d96cd34c60c
            Node 9: e9b332df2330c0f046686b38a30997230617fc4ca81d4a7936d9c58e21e3b0fa
                Node 19: b4ce3e6245cb0fc27c12ae87e29fc0d29b9ece2e541c68cd8411b7f9ba975dd7
                Node 20: dd381b03971a24218aa67a1375143f9c826555c089b200fcc68fc9ba22f298c2
            Node 10: 40776a57a144ce40a1143547493df9f253b5eebe71a7fc38fb29a7539dbcc1fe
                Node 21: 0f44fefdeee8a9a2f855d9bdcc86d9c3a42b5556caebeb0de76e617919b9258a
                Node 22: a6ec11fad3becb094d97d08e263cde4a3ecb8450388f44567dcba93884d440ac
    Node 2: 18a784bee3a9191b0270039980413d35e9860b2df859d3458cc66c9c85189c17
        Node 5: bfa2218db7ac131773e9ac819ec75a2944968aafc9f10b5039535c7f2f45282b
            Node 11: 5bad8ff601e8bf3e93d8296ed3455ba5318487a0436537299427a0a442ca132e
                Node 23: 8d897f9def7c9c48843fdbc59478459e916c6e98d0f2513028191789b2104612
                Node 24: 39eb2424391eecb00b94553edd7ef18c91f3ce0cd06dbc843b853a3a51969f91
            Node 12: be45c73058a345a72f300f28b4d6543b1820190ac07ef59d1eac1a0e3e5742e2
                Node 25: fdc70bb9ec88ff2bc8110f89d9959a2ea19ffcc7b16b1f0f8b7666367c688018
                Node 26: 779594332038aecbccce4b8c6cfaee9f0c7113bfd5f59a9b613982761fbe05ed
        Node 6: e502377908e6a5d82577518ad278b8901c6ffc4b3cfb61551dbf00c04097f42a
            Node 13: 7bd694b762bbc3bd314ddfd6a456f0049bed72cee506d2c4d5c039b172212a98
                Node 27: 072fdd42c4596012d23e1d44e1851bb8f76414e3c913c9becc1a30e4b38bc6b5
                Node 28: dfbd688dac3499e85420c42c64734b6d522920ea98dccddcd600000d80d5f25f
            Node 14: ee7c8933bec0724a8dcff22540fb317e4981b5fd6bf5a2bdbdfc8388c3d44150
                Node 29: 2f86246975f808263160660aedf3d70310bbaa8c2fc9d69b47fc37317747532f
                Node 30: 164ac479d9156c354087b407a312352d27cb07ab8e9c57b968c12d228901b132
