Node 0: d4cd0e95048a089bfaa706797cdc120a608402ee31b04d4307764233cf94a351
    Node 1: 2dec501c340a3f1b9886cea5c8fbfde54f42a93eb616a608141927031d151af1
        Node 3: 12a9e2a42732eb218b2d031358d090d5f276b51232a70aa949040320cf457112
            Node 7: 5803bafb98350d0b6ddde5fa12a08536e6e330947ea68d2f15e02e941363019b
                Node 15: 154cfb1ac8203e3249fd450e059d6419a071f4333c5aff675afe9db22ea39d25
                    Node 31: 1d070b0513c763f2c4e46d187b182def87a71e59aef99f99b0cf0f323c22ebc5
                    Node 32: 41f9ec96d897f474c7d3c3e364893394229cea88a646079911e2f95061bb23a8
                Node 16: c319db9d0f1f3aed74177b2d7c11d2bc31b1bce4ef8a266d8e144ad8562d906d
                    Node 33: 515838603fc1d6de83724b631a391696514abd1a0ff944c84a7ca5947f0660de
                    Node 34: 13bd4957d14239a32a0f56266e9a2bb0f83b5e0bebe2c3b1c880a29f44c19283
            Node 8: 5cd334433961cd95146ede5a92e71812a85ad1dbc4bbe92bf6723649440342cd
                Node 17: 789946ed4dfbf79fc47582c7e30c3c318a1e598097511c1e06e84df16b682631
                    Node 35: d2fd6cfdd245017f62d682dfa86ee1f9ddd232c2bade3249de5922439d872de6
                    Node 36: 7773d945a96d880637ba679cd0667dc35e3099ff30bd56467d917b46eab56e4e
                Node 18: c10bf86d5c57fb535e5a00f847b60957d60584e34ed9593caa89d4a30118a7b1
                    Node 37: 48b54322a004ecfd167a893a1537b66d06069fa4057a8725fa61ed464e2f73d2
                    Node 38: af4e0dda501abb4c6f696409e588b52f4cde52f1b58bd62396ed708421768667
        Node 4: 7922cfad1bb70e6445719790120862b32bbd59c49cf8e62d262a675e077f1615
            Node 9: 07a3e7a612294a0915f8bdca2cc1aa3fc1e2246ae78058c3814b5cab60efdea2
                Node 19: 57dc3835c71106ad697bbb36d9586573ee04066d1d4babe9ee6afb8da47a3dc2
                    Node 39: eef40d47911c15def7c16a96ac10a44b504ac43330cd58745a3b6400e7fb38fd
                    Node 40: 5b789cdc2eca8413236096cb66f73b279b9a2da16852965bf1100faa9f0209b7
                Node 20: e9a058f6121ecf4fbd637dee9384fa7a30fc9cae6972aac319f58c305a85a308
                    Node 41: 3e4d5d8c83a1cb77ba3543965de0f74819e8c837322785f321137021712bdd04
                    Node 42: 456d9d7093bc0aa21f465c91879c04b30c71dd4aae7909c4272c7e32659dc059
            Node 10: be1a0b7262add9131fb16841b9bbfccb49df3c8b036cb594edcd81489a68c857
                Node 21: 841d6ded3dea293c015986e6d52c15b65211a0d3c6214482971d1231c824f683
                    Node 43: 845c1fa808a3f291e01d24c936db652c46c8d2ed4ee24a9008a85c0e5e3be757
                    Node 44: a95d578b10b29c346e37866001531a25071a7201c13a06f298bb7faf4800c3bc
                Node 22: 3336561a5866d8e8e825b800bb1ff9573ef71189e0f08a86a9ed6599f27d64c5
                    Node 45: cd85e16b30ce333a58363f0a7962bea82121ae87617c366786c5034f80e00038
                    Node 46: 88a6175866b8f3a2e0e8a664b1f543fc443df2a7c9279facbc49f90ef9232a49
    Node 2: 3571a2c0028649b15fa21bb5254445e3a0de19045d3bfa3e35052425cbdec8b5
        Node 5: 4dd6f1051ebc3724cf10446ac29498530c9816991db6aab3b3849fd39ed55c7e
            Node 11: 6b4b803a091636bcbab3ec35e45e6cb25e456e4fd3c33df26ae248ad01ff2dda
                Node 23: 4bba998adf5e5c0c6faad8ad1917f9173a6c8f399b2d2d656ecb471e5a71b495
                    Node 47: ec667ef296d589ad5276c887745d67e663a2940405709c71f981315156a0242a
                    Node 48: 7601abba66b836de292f1feeaa347a63c32bca82fb9b021cd18793814e5a55ef
                Node 24: 6bd157af2f29d58d19f9768934fe7d175f17485727e9c2cda0e8d35b1bd30a3b
                    Node 49: bf5182a3849f7ed32f7d43c825d55e31d6ff15b7b404b618f8113db3255dcc04
                    Node 50: 1292d415e39de399159b856cc7dae702cfe9de049159eb5bf4d729fb78796ed9
            Node 12: c852fdef5e7556fba20d8eeda1c4221e86c35bf9e85ba77bf3934aafc233f6b5
                Node 25: a74ca8e0f9252f86ab611fcafcaf6a2764032f7d201c3ececec398a2fa61ac5a
                    Node 51: aed6289ee5f228512ce9fab96a032acfa90a8025579d8eef7b16cc859f9b0014
                    Node 52: 18dc7c523dbd142e255e4a2641dfcbeaf9aadb52b3d29d420f7bfba27ea5a39f
                Node 26: d42f9779c0e72dcaf4890a7e3ea381c7fe0e827d8eda269e37d55a3e02d9b4e7
                    Node 53: 05470cabe424db0b5df98b9311bcb4481cd40d6eafa022f79c752e89ca2291b4
                    Node 54: 8ff8a425158d326380bbb5ef8325cac2c6edc851e0d6a1458341ab51ce20cc32
        Node 6: 9d5c458446f4ade54b2ee06b94e90bd0042ce595714644748bd564b11e723426
            Node 13: 4a0cf64a9f4e522bcceb796b67c0510ba4e623d8bbfa690fb019d9415c44e561
                Node 27: aa21ff474a58a2ef3cb797b79d61358d3efb94b975d355d0932c4de5beed5291
                    Node 55: f1133a61df14c82dece98f312f193b3b74597d99953361b539d5ac7425b23a7b
                    Node 56: 587eccf5dc013604e82b066d1156cb9247e7ec210c438eb225d29758ea32d566
                Node 28: 9fd2f6550b787a36096c2932f91f0a51280fde7e1642f7a0f8f4637f20851d2d
                    Node 57: 290d170caea1399ef017d691b7a5e1207b152403f2e0079422b5105ab69b538d
                    Node 58: b5226ab6874b017cbb93a2d1472246c2af6196cbb10b2d4d241e4efe8e725665
            Node 14: b091339a34434afffa1eaa5896106e0b800079f15dceb8679dbbea8568be0548
                Node 29: fac4b7091bc2a46ec7f05a75fbc864ab077d6638c1ff6c0fab3160a2905c2aaa
                    Node 59: 3bc720f4177fe1fbb12549a5c86014b394fc87e7a1b2127228cfa05871bea7a4
                    Node 60: a44247290959e2f0204c4859d2b2a935b138681e6dc8cb7135557948b5d267e8
                Node 30: 2b66c673bd3cbb8179d48a42e0b1360deb1b56c0a300b1d830e56460dd2e8ab2
                    Node 61: b074477d29fe6d3d3f5dc5b34424d89a04a50f82e0029ae9d824eccf2d27aafa
                    Node 62: 69920974cf5b872895fd9cc336f3af4d12a7fbb1a554937d0cf8c9040bc67243
